// Jest Snapshot v1, https://goo.gl/fbAQLP

exports[`<SearchBar /> should match snapshot 1`] = `
Object {
  "asFragment": [Function],
  "baseElement": <body>
    <div>
      <div
        class="MuiPaper-root MuiPaper-elevation MuiPaper-elevation1 css-y3c26e-MuiPaper-root"
      >
        <img
          class="css-fx74e"
          src="img/github.png"
        />
        <form>
          <div
            class="MuiFormControl-root MuiTextField-root css-qrg1pc-MuiFormControl-root-MuiTextField-root"
          >
            <label
              class="MuiFormLabel-root MuiInputLabel-root MuiInputLabel-formControl MuiInputLabel-animated MuiInputLabel-shrink MuiInputLabel-filled MuiFormLabel-colorPrimary MuiFormLabel-filled MuiInputLabel-root MuiInputLabel-formControl MuiInputLabel-animated MuiInputLabel-shrink MuiInputLabel-filled css-o943dk-MuiFormLabel-root-MuiInputLabel-root"
              data-shrink="true"
              for=":r0:"
              id=":r0:-label"
            >
              Search related topics
            </label>
            <div
              class="MuiInputBase-root MuiFilledInput-root MuiFilledInput-underline MuiInputBase-colorPrimary MuiInputBase-formControl css-19mk8g1-MuiInputBase-root-MuiFilledInput-root"
            >
              <input
                aria-invalid="false"
                class="MuiInputBase-input MuiFilledInput-input css-10botns-MuiInputBase-input-MuiFilledInput-input"
                id=":r0:"
                name="searchValue"
                type="text"
                value="reactjs"
              />
            </div>
          </div>
        </form>
      </div>
    </div>
  </body>,
  "container": <div>
    <div
      class="MuiPaper-root MuiPaper-elevation MuiPaper-elevation1 css-y3c26e-MuiPaper-root"
    >
      <img
        class="css-fx74e"
        src="img/github.png"
      />
      <form>
        <div
          class="MuiFormControl-root MuiTextField-root css-qrg1pc-MuiFormControl-root-MuiTextField-root"
        >
          <label
            class="MuiFormLabel-root MuiInputLabel-root MuiInputLabel-formControl MuiInputLabel-animated MuiInputLabel-shrink MuiInputLabel-filled MuiFormLabel-colorPrimary MuiFormLabel-filled MuiInputLabel-root MuiInputLabel-formControl MuiInputLabel-animated MuiInputLabel-shrink MuiInputLabel-filled css-o943dk-MuiFormLabel-root-MuiInputLabel-root"
            data-shrink="true"
            for=":r0:"
            id=":r0:-label"
          >
            Search related topics
          </label>
          <div
            class="MuiInputBase-root MuiFilledInput-root MuiFilledInput-underline MuiInputBase-colorPrimary MuiInputBase-formControl css-19mk8g1-MuiInputBase-root-MuiFilledInput-root"
          >
            <input
              aria-invalid="false"
              class="MuiInputBase-input MuiFilledInput-input css-10botns-MuiInputBase-input-MuiFilledInput-input"
              id=":r0:"
              name="searchValue"
              type="text"
              value="reactjs"
            />
          </div>
        </div>
      </form>
    </div>
  </div>,
  "debug": [Function],
  "findAllByAltText": [Function],
  "findAllByDisplayValue": [Function],
  "findAllByLabelText": [Function],
  "findAllByPlaceholderText": [Function],
  "findAllByRole": [Function],
  "findAllByTestId": [Function],
  "findAllByText": [Function],
  "findAllByTitle": [Function],
  "findByAltText": [Function],
  "findByDisplayValue": [Function],
  "findByLabelText": [Function],
  "findByPlaceholderText": [Function],
  "findByRole": [Function],
  "findByTestId": [Function],
  "findByText": [Function],
  "findByTitle": [Function],
  "getAllByAltText": [Function],
  "getAllByDisplayValue": [Function],
  "getAllByLabelText": [Function],
  "getAllByPlaceholderText": [Function],
  "getAllByRole": [Function],
  "getAllByTestId": [Function],
  "getAllByText": [Function],
  "getAllByTitle": [Function],
  "getByAltText": [Function],
  "getByDisplayValue": [Function],
  "getByLabelText": [Function],
  "getByPlaceholderText": [Function],
  "getByRole": [Function],
  "getByTestId": [Function],
  "getByText": [Function],
  "getByTitle": [Function],
  "queryAllByAltText": [Function],
  "queryAllByDisplayValue": [Function],
  "queryAllByLabelText": [Function],
  "queryAllByPlaceholderText": [Function],
  "queryAllByRole": [Function],
  "queryAllByTestId": [Function],
  "queryAllByText": [Function],
  "queryAllByTitle": [Function],
  "queryByAltText": [Function],
  "queryByDisplayValue": [Function],
  "queryByLabelText": [Function],
  "queryByPlaceholderText": [Function],
  "queryByRole": [Function],
  "queryByTestId": [Function],
  "queryByText": [Function],
  "queryByTitle": [Function],
  "rerender": [Function],
  "unmount": [Function],
}
`;
